Success! Found 5 users. Collections: contacts, users, comments, posts, post2